-------------------------------------------------------------------------------------------------------------------------------------------------------------------------------------------------------------------------------
      name:  <unnamed>
       log:  C:/Users/tijer/git/UROC/climate-smart-ag-adoption/05-climate-smart/logs/candidate_variable_audit.log
  log type:  text
 opened on:  30 Jul 2026, 12:57:14

. 
. 
. ************************************************************************
. **# 1 - inspect final CSA analysis dataset
. ************************************************************************
. 
. * load final analysis data
.         use             "$root/eth_csa_analysis", clear
(Ethiopia CSA adoption analysis data, waves 1-5)

. 
. * confirm analysis unit
.         isid    wave holder_id parcel_id field_id

. 
. * identify dataset being inspected
.         display as result       "=============================================="
==============================================

.         display as result       "CURRENT ETH_CSA_ANALYSIS DATASET"
CURRENT ETH_CSA_ANALYSIS DATASET

.         display as result       "=============================================="
==============================================

. 
. 
. ************************************************************************
. **# 1.1 - household and labor candidates
. ************************************************************************
. 
.         lookfor         household

Variable      Storage   Display    Value
    name         type    format    label      Variable label
-------------------------------------------------------------------------------------------------------------------------------------------------------------------------------------------------------------------------------
household_id    str18   %-18s                 Household ID unique
household_id2   str18   %-18s                 Unique HH ID in wave 2
household_num   int     %16.0g                Household ID
collat          byte    %16.0g     yesno      Does anyone in the household have the right to sell this [PARCEL] or use it as c
mgmt3           byte    %16.0g                Who are the other household mebers consulted by the primary decision maker on th
mgmt4           byte    %16.0g                Who are the other household mebers consulted by the primary decision maker on th

.         lookfor         member

Variable      Storage   Display    Value
    name         type    format    label      Variable label
-------------------------------------------------------------------------------------------------------------------------------------------------------------------------------------------------------------------------------
indiv_num       int     %16.0g                HH Member ID Code
mg1_relat       byte    %16.0g     hh_s1q02   HH Member Relationship to HH Head
dj1_relat       byte    %16.0g     hh_s1q02   HH Member Relationship to HH Head
dj2_relat       byte    %16.0g     hh_s1q02   HH Member Relationship to HH Head
deju1_relat     byte    %16.0g     hh_s1q02   HH Member Relationship to HH Head
deju2_relat     byte    %16.0g     hh_s1q02   HH Member Relationship to HH Head
mgmt2_relat     byte    %16.0g     hh_s1q02   HH Member Relationship to HH Head
mgmt3_relat     byte    %16.0g     hh_s1q02   HH Member Relationship to HH Head
mgmt4_relat     byte    %16.0g     hh_s1q02   HH Member Relationship to HH Head
deju3           byte    %1.0g                 4b. Which HH members are listed as owners or use rights holders: HH ID 3
deju4           byte    %1.0g                 4b. Which HH members are listed as owners or use rights holders: HH ID 4

.         lookfor         size

.         lookfor         adult

.         lookfor         child

.         lookfor         dependency

.         lookfor         labor

.         lookfor         hired

. 
. 
. ************************************************************************
. **# 1.2 - economic candidates
. ************************************************************************
. 
.         lookfor         credit

.         lookfor         loan

.         lookfor         borrow

.         lookfor         subsidy

.         lookfor         support

.         lookfor         program

.         lookfor         asset

.         lookfor         livestock

.         lookfor         equipment

.         lookfor         enterprise

.         lookfor         business

.         lookfor         nonfarm

. 
. 
. ************************************************************************
. **# 1.3 - institutional candidates
. ************************************************************************
. 
.         lookfor         extension

.         lookfor         agent

.         lookfor         advice

.         lookfor         training

.         lookfor         weather

.         lookfor         forecast

.         lookfor         information

.         lookfor         phone

.         lookfor         mobile

.         lookfor         radio

.         lookfor         internet

.         lookfor         communication

.         lookfor         cooperative

. 
. 
. ************************************************************************
. **# 1.4 - climate and risk candidates
. ************************************************************************
. 
.         lookfor         shock

.         lookfor         drought

.         lookfor         flood

.         lookfor         rainfall

.         lookfor         rain

.         lookfor         pest

.         lookfor         disease

.         lookfor         crop loss

.         lookfor         conflict

.         lookfor         insecurity

. 
. 
. ************************************************************************
. **# 1.5 - land and tenure candidates
. ************************************************************************
. 
.         lookfor         tenure

Variable      Storage   Display    Value
    name         type    format    label      Variable label
-------------------------------------------------------------------------------------------------------------------------------------------------------------------------------------------------------------------------------
tenure          byte    %16.0g     pp_s2q03   How did your HH acquire the [Parcel]?

.         lookfor         certificate

Variable      Storage   Display    Value
    name         type    format    label      Variable label
-------------------------------------------------------------------------------------------------------------------------------------------------------------------------------------------------------------------------------
title           byte    %16.0g     yesno      Does your HH have a certificate for this [Parcel]?
deju2           byte    %16.0g                Under whose name(s) is the certificate issued for this [Parcel]?

.         lookfor         title

Variable      Storage   Display    Value
    name         type    format    label      Variable label
-------------------------------------------------------------------------------------------------------------------------------------------------------------------------------------------------------------------------------
title           byte    %16.0g     yesno      Does your HH have a certificate for this [Parcel]?

.         lookfor         collateral

Variable      Storage   Display    Value
    name         type    format    label      Variable label
-------------------------------------------------------------------------------------------------------------------------------------------------------------------------------------------------------------------------------
defa1           byte    %16.0g                Who in HH can decide whether to sell parcel or use as collateral [ID #1]
defa2           byte    %16.0g                Who in HH can decide whether to sell parcel or use as collateral [ID #2]

.         lookfor         transfer

.         lookfor         sell

Variable      Storage   Display    Value
    name         type    format    label      Variable label
-------------------------------------------------------------------------------------------------------------------------------------------------------------------------------------------------------------------------------
collat          byte    %16.0g     yesno      Does anyone in the household have the right to sell this [PARCEL] or use it as c
defa1           byte    %16.0g                Who in HH can decide whether to sell parcel or use as collateral [ID #1]
defa2           byte    %16.0g                Who in HH can decide whether to sell parcel or use as collateral [ID #2]

.         lookfor         inherit

.         lookfor         owner

Variable      Storage   Display    Value
    name         type    format    label      Variable label
-------------------------------------------------------------------------------------------------------------------------------------------------------------------------------------------------------------------------------
deju3           byte    %1.0g                 4b. Which HH members are listed as owners or use rights holders: HH ID 3
deju4           byte    %1.0g                 4b. Which HH members are listed as owners or use rights holders: HH ID 4

.         lookfor         manager

. 
. 
. ************************************************************************
. **# 1.6 - search candidate variable names
. ************************************************************************
. 
.         foreach pattern in ///
>                 hhsize hh_size hhmem ///
>                 credit loan borrow subsidy program ///
>                 asset livestock equipment ///
>                 nfe enterprise business ///
>         
{ required
r(100);

end of do-file

r(100);

. do "C:\Users\tijer\git\UROC\climate-smart-ag-adoption\05-climate-smart\code\00_setup.do"

. ************************************************************************
. * 00_setup.do
. * Project: Climate-Smart Agricultural Adoption
. * Purpose: Set up project paths and prepare coding workflow
. * Author: Joss Tijerina
. * Created: July 2026
. ************************************************************************
. 
. clear all

. set more off

. 
. ************************************************************************
. * 1. Project folder
. ************************************************************************
. 
. global project "C:/Users/tijer/git/UROC/climate-smart-ag-adoption"

. 
. ************************************************************************
. * 2. Project subfolders
. ************************************************************************
. 
. global cs_code   "$project/05-climate-smart/code"

. global cs_docs   "$project/05-climate-smart/docs"

. global cs_logs   "$project/05-climate-smart/logs"

. global cs_output "$project/05-climate-smart/output"

. 
. ************************************************************************
. * 3. Data folders
. * Note: raw LSMS-ISA data should stay outside GitHub
. ************************************************************************
. 
. * AIDE Lab data location
.         global  aide_data       "C:/Users/tijer/OneDrive - University of Arizona/AIDE LAB/Michler, Jeffrey David - (jdmichler)'s files - weather_and_agriculture"

. 
. * raw LSMS data
.         global  raw_data        "$aide_data/raw_lsms_data"

. global clean_data "$project/05-climate-smart/clean-data"

. 
. 
. ************************************************************************
. * 3.1 Existing AIDE Lab Ethiopia data
. ************************************************************************
. 
. * Read-only source location for existing AIDE Lab data
. global aide_data ///
>     "C:/Users/tijer/OneDrive - University of Arizona/AIDE LAB/Michler, Jeffrey David - (jdmichler)'s files - weather_and_agriculture"

. 
. * Final appended Ethiopia dataset
. global eth_allrounds ///
>     "$aide_data/lsms_gender_data/03-regression_data/eth_allrounds.dta"

.         
.         
. ************************************************************************
. * 4. Quick check
. ************************************************************************
. 
. display "Climate-smart project setup loaded."
Climate-smart project setup loaded.

. display "Project folder: $project"
Project folder: C:/Users/tijer/git/UROC/climate-smart-ag-adoption

. display "Ethiopia source file: $eth_allrounds"
Ethiopia source file: C:/Users/tijer/OneDrive - University of Arizona/AIDE LAB/Michler, Jeffrey David - (jdmichler)'s files - weather_and_agriculture/lsms_gender_data/03-regression_data/eth_allrounds.dta

. 
. capture confirm file "$eth_allrounds"

. 
. if _rc {
.     display as error "The appended Ethiopia dataset was not found."
.     display as error "Check this path: $eth_allrounds"
.     exit 601
. }

. 
. display as result "The appended Ethiopia dataset was found."
The appended Ethiopia dataset was found.

. 
end of do-file

. do "C:\Users\tijer\git\UROC\climate-smart-ag-adoption\05-climate-smart\code\final_results.do"

. * Project: lsms csa
. * Created on: july 2026
. * Created by: jt
. * Edited on: july 2026
. * Edited by: jt
. * Stata v.19.5
. 
. * does
.         * loads the final Ethiopia CSA analysis dataset
.         * reconstructs theoretically central explanatory variables
.         * audits candidate controls for cross-wave comparability
.         * prepares candidate controls for LASSO and elastic net
.         * estimates post-selection CSA adoption models
.         
. * assumes
.         * eth_csa_analysis.dta has been created
.         * CSA outcomes have been harmonized across five Ethiopia survey waves
.         * Manager 1 is used consistently as the primary field manager
.         * theory variables remain in all relevant specifications
.         
. * TO DO:
.         * inspect coding and missingness
.         * define candidate control pool
.         * prune noncomparable variables
.         * run LASSO and elastic net
.         * estimate post-selection regressions
.         * export final tables and figures
. 
. 
. clear all

. set more off

. cap log close _all
