----------------------------------------------------------------------------------------------------------------------------------------------------------------------------------------------------------------------------
      name:  <unnamed>
       log:  C:/Users/tijer/git/UROC/climate-smart-ag-adoption/05-climate-smart/logs/preliminary_results.log
  log type:  text
 opened on:  31 Jul 2026, 12:45:55

. 
. 
. ************************************************************************
. **# 1 - open Ethiopia CSA analysis data
. ************************************************************************
. 
. * load final analysis data
.         use             "$root/eth_csa_analysis", clear
(Ethiopia CSA adoption analysis data, waves 1-5)

. 
. * confirm analysis sample
.         count
  75,033

.         tab             wave, missing

       wave |      Freq.     Percent        Cum.
------------+-----------------------------------
          1 |      6,576        8.76        8.76
          2 |     22,433       29.90       38.66
          3 |     22,658       30.20       68.86
          4 |     12,907       17.20       86.06
          5 |     10,459       13.94      100.00
------------+-----------------------------------
      Total |     75,033      100.00

. 
. * confirm field-wave identifiers
.         isid    wave holder_id parcel_id field_id

. 
. * inspect CSA outcomes
.         describe        any_csa csa_count_obs ///
>                                 csa_irr csa_seed csa_soil csa_cons

Variable      Storage   Display    Value
    name         type    format    label      Variable label
----------------------------------------------------------------------------------------------------------------------------------------------------------------------------------------------------------------------------
any_csa         float   %9.0g      csa_yesno
                                              Adopted any observed CSA practice
csa_count_obs   float   %9.0g                 Number of adopted practices among observed indicators
csa_irr         float   %9.0g      csa_yesno
                                              Field irrigated
csa_seed        float   %9.0g      csa_yesno
                                              Improved seed used on field
csa_soil        float   %9.0g      csa_yesno
                                              Manure or compost used on field
csa_cons        float   %9.0g      csa_yesno
                                              Field protected from erosion

. 
. * check outcome distributions
.         tab             any_csa, missing

Adopted any |
   observed |
        CSA |
   practice |      Freq.     Percent        Cum.
------------+-----------------------------------
         No |     23,539       31.37       31.37
        Yes |     51,368       68.46       99.83
          . |        126        0.17      100.00
------------+-----------------------------------
      Total |     75,033      100.00

.         tab             csa_count_obs, missing

  Number of |
    adopted |
  practices |
      among |
   observed |
 indicators |      Freq.     Percent        Cum.
------------+-----------------------------------
          0 |     23,539       31.37       31.37
          1 |     35,173       46.88       78.25
          2 |     14,116       18.81       97.06
          3 |      1,995        2.66       99.72
          4 |         84        0.11       99.83
          . |        126        0.17      100.00
------------+-----------------------------------
      Total |     75,033      100.00

. 
. * summarize outcomes by survey wave
.         tabstat any_csa csa_count_obs, ///
>                                 by(wave) ///
>                                 statistics(n mean sd min max)

Summary statistics: N, Mean, SD, Min, Max
Group variable: wave 

    wave |   any_csa  csa_c~bs
---------+--------------------
       1 |      6460      6460
         |   .250774  .2821981
         |  .4334922    .51941
         |         0         0
         |         1         3
---------+--------------------
       2 |     22424     22424
         |  .7139672  .9606225
         |   .451915  .7599033
         |         0         0
         |         1         4
---------+--------------------
       3 |     22657     22657
         |  .7282076  .9605861
         |  .4448933  .7420067
         |         0         0
         |         1         4
---------+--------------------
       4 |     12907     12907
         |  .7657085  1.094832
         |  .4235716   .810588
         |         0         0
         |         1         4
---------+--------------------
       5 |     10459     10459
         |  .7033177  1.000765
         |  .4568171  .8315813
         |         0         0
         |         1         4
---------+--------------------
   Total |     74907     74907
         |   .685757  .9308342
         |  .4642168  .7839253
         |         0         0
         |         1         4
------------------------------

. 
. 
. ************************************************************************
. **# 2 - construct preliminary variables
. ************************************************************************
. 
. * female primary manager
. * confirm that 1 = male and 2 = female
.         tab             mg1_sex, missing

What is the |
     sex of |
    [Name]? |      Freq.     Percent        Cum.
------------+-----------------------------------
       Male |     61,682       82.21       82.21
     Female |     13,096       17.45       99.66
          . |        255        0.34      100.00
------------+-----------------------------------
      Total |     75,033      100.00

. 
.         gen             female_manager = .
(75,033 missing values generated)

.         replace female_manager = 0 if mg1_sex == 1
(61,682 real changes made)

.         replace female_manager = 1 if mg1_sex == 2
(13,096 real changes made)

. 
.         label   define yesno01 0 "No" 1 "Yes", replace

.         label   values female_manager yesno01

.         label   variable female_manager ///
>                                 "Female primary manager"

. 
. * primary manager age
.         clonevar        manager_age = mg1_age
(419 missing values generated)

. 
.         label   variable manager_age ///
>                                 "Primary manager age"

. 
. * lowest or no formal education category
. * preserve the original mg1_edu variable
.         gen             manager_lowedu = (mg1_edu == 98) ///
>                                 if !missing(mg1_edu)
(7,972 missing values generated)

. 
.         label   values manager_lowedu yesno01

.         label   variable manager_lowedu ///
>                                 "Manager has little or no formal education"

. 
. * land certificate
. * account for possible 0/1 and 1/2 coding
.         tab             wave title, missing

           |  Does your HH have a certificate for this
           |                  [Parcel]?
      wave |        no        yes          2          . |     Total
-----------+--------------------------------------------+----------
         1 |         0      2,206          0      4,370 |     6,576 
         2 |        10     11,378          0     11,045 |    22,433 
         3 |         0     12,855          0      9,803 |    22,658 
         4 |     3,156      9,751          0          0 |    12,907 
         5 |         0      8,133      2,326          0 |    10,459 
-----------+--------------------------------------------+----------
     Total |     3,166     44,323      2,326     25,218 |    75,033 

. 
.         gen             has_certificate = .
(75,033 missing values generated)

.         replace has_certificate = 1 if title == 1
(44,323 real changes made)

.         replace has_certificate = 0 if inlist(title, 0, 2)
(5,492 real changes made)

. 
.         label   values has_certificate yesno01

.         label   variable has_certificate ///
>                                 "Household has parcel certificate"

. 
. * right to sell or use parcel as collateral
.         tab             wave collat, missing

           |   Does anyone in the household
           |   have the right to sell this
           |     [PARCEL] or use it as c
      wave |        no        yes          . |     Total
-----------+---------------------------------+----------
         1 |         0          0      6,576 |     6,576 
         2 |     2,008     18,248      2,177 |    22,433 
         3 |     1,583     19,101      1,974 |    22,658 
         4 |     1,259     10,384      1,264 |    12,907 
         5 |       801      8,866        792 |    10,459 
-----------+---------------------------------+----------
     Total |     5,651     56,599     12,783 |    75,033 

. 
.         gen             collateral_right = .
(75,033 missing values generated)

.         replace collateral_right = 1 if collat == 1
(56,599 real changes made)

.         replace collateral_right = 0 if inlist(collat, 0, 2)
(5,651 real changes made)

. 
.         label   values collateral_right yesno01

.         label   variable collateral_right ///
>                                 "Right to sell or use parcel as collateral"

. 
end of do-file

. do "C:\Users\tijer\AppData\Local\Temp\STD5984_00000d.tmp"

. 
.         preserve

. 
. * calculate female-managed share
.         collapse        (mean) female_manager, by(wave)

. 
.         replace female_manager = female_manager * 100
(5 real changes made)

. 
. * create female-manager figure
.         graph   bar female_manager, ///
>                                 over(wave, relabel( ///
>                                         1 "Wave 1" ///
>                                         2 "Wave 2" ///
>                                         3 "Wave 3" ///
>                                         4 "Wave 4" ///
>                                         5 "Wave 5")) ///
>                                 bar(1, color(teal) lcolor(black)) ///
>                                 blabel(bar, format(%4.1f) color(black)) ///
>                                 ytitle("Female-managed observations (%)") ///
>                                 title("Share of Female-Managed Observations by Survey Wave") ///
>                                 subtitle("Wave years: 2011/12, 2013/14, 2015/16, 2018/19, 2021/22") ///
>                                 note("Source: Ethiopia Socioeconomic Survey.") ///
>                                 legend(off)

. 
. * export female-manager figure
.         graph   export ///
>                                 "$export/figure1_female_manager_bar.png", ///
>                                 width(2000) replace
file C:/Users/tijer/git/UROC/climate-smart-ag-adoption/05-climate-smart/output/figure1_female_manager_bar.png saved as PNG format

. 
.         restore

. 
end of do-file

. do "C:\Users\tijer\AppData\Local\Temp\STD5984_00000e.tmp"

.         preserve

. 
. * retain observations with a valid certificate response
.         keep    if !missing(has_certificate)
(25,218 observations deleted)

. 
. * calculate certificate share
.         collapse        (mean) has_certificate, by(wave)

. 
.         replace has_certificate = has_certificate * 100
(5 real changes made)

. 
. * create land-certificate figure
.         graph   bar has_certificate, ///
>                                 over(wave, relabel( ///
>                                         1 "Wave 1" ///
>                                         2 "Wave 2" ///
>                                         3 "Wave 3" ///
>                                         4 "Wave 4" ///
>                                         5 "Wave 5")) ///
>                                 bar(1, color(teal) lcolor(black)) ///
>                                 blabel(bar, format(%4.1f) color(black)) ///
>                                 ytitle("Land observations with a certificate (%)") ///
>                                 title("Share of Land Observations with a Certificate") ///
>                                 subtitle("Wave years: 2011/12, 2013/14, 2015/16, 2018/19, 2021/22") ///
>                                 note("Source: Ethiopia Socioeconomic Survey.") ///
>                                 legend(off)

. 
. * export land-certificate figure
.         graph   export ///
>                                 "$export/figure2_land_certificate.png", ///
>                                 width(2000) replace
file C:/Users/tijer/git/UROC/climate-smart-ag-adoption/05-climate-smart/output/figure2_land_certificate.png saved as PNG format

. 
.         restore

. 
end of do-file

. exit, clear
